\BOOKMARK [2][]{Outline0.1}{\376\377\176\352\213\272}{}% 1
\BOOKMARK [2][]{Outline0.2}{\376\377\225\356\230\230\136\372\152\041}{}% 2
\BOOKMARK [3][]{Outline0.2.1.6}{\376\377\131\032\145\340\116\272\147\072\123\117\124\014\166\204\203\111\123\237\117\356\131\015\225\356\230\230}{Outline0.2}% 3
\BOOKMARK [3][]{Outline0.2.2.7}{\376\377\131\032\145\340\116\272\147\072\123\117\124\014\166\204\203\111\123\237\117\356\131\015\227\142\171\357\147\000\131\047\123\026\152\041\127\213}{Outline0.2}% 4
\BOOKMARK [3][]{Outline0.2.3.9}{\376\377\145\160\133\146\152\041\127\213}{Outline0.2}% 5
\BOOKMARK [2][]{Outline0.3}{\376\377\154\102\211\343\145\271\154\325}{}% 6
\BOOKMARK [3][]{Outline0.3.1.10}{\376\377\127\372\116\216\137\072\123\026\133\146\116\140\166\204\147\000\117\030\215\357\137\204\211\304\122\022}{Outline0.3}% 7
\BOOKMARK [3][]{Outline0.3.2.13}{\376\377\131\032\145\340\116\272\147\072\123\117\124\014\214\003\136\246\173\227\154\325}{Outline0.3}% 8
\BOOKMARK [2][]{Outline0.4}{\376\377\116\377\167\037\176\323\147\234}{}% 9
